WARNING: Position senador de Chile (Q18882653) not in boundary associated_wikidata_positions
WARNING: the district Distrito 11 (Q54826327) wasn't found in the boundary data for position senador de Chile (Q18882653)
WARNING: the district Distrito 11 (Q54826327) wasn't found in the boundary data for position senador de Chile (Q18882653)
WARNING: the district Distrito 15 (Q54826331) wasn't found in the boundary data for position senador de Chile (Q18882653)
WARNING: the district Distrito 11 (Q54826327) wasn't found in the boundary data for position senador de Chile (Q18882653)
WARNING: the district Distrito 5 (Q54826319) wasn't found in the boundary data for position senador de Chile (Q18882653)
WARNING: Position diputado de Chile (Q18067639) not in boundary associated_wikidata_positions
WARNING: the district Distrito 12 (Q54826385) wasn't found in the boundary data for position diputado de Chile (Q18067639)
WARNING: the district Distrito 10 (Q54826383) wasn't found in the boundary data for position diputado de Chile (Q18067639)
WARNING: the district Distrito 17 (Q54826390) wasn't found in the boundary data for position diputado de Chile (Q18067639)
WARNING: the district Distrito 17 (Q54826390) wasn't found in the boundary data for position diputado de Chile (Q18067639)
WARNING: the district Distrito 4 (Q54826375) wasn't found in the boundary data for position diputado de Chile (Q18067639)
WARNING: the district Distrito 22 (Q54826396) wasn't found in the boundary data for position diputado de Chile (Q18067639)
WARNING: Position consejero de la Consejo Regional de Antofagasta (Q54846727) not in boundary associated_wikidata_positions
WARNING: the district Región de Antofagasta (Q2118) wasn't found in the boundary data for position consejero de la Consejo Regional de Antofagasta (Q54846727)
WARNING: Position consejero de la Consejo Regional de La Araucanía (Q54846729) not in boundary associated_wikidata_positions
WARNING: Position consejero de la Consejo Regional de Arica y Parinacota (Q54846731) not in boundary associated_wikidata_positions
WARNING: Position consejero de la Consejo Regional de Atacama (Q54846734) not in boundary associated_wikidata_positions
WARNING: Position consejero de la Consejo Regional de Aysén del General Carlos Ibáñez del Campo (Q54846736) not in boundary associated_wikidata_positions
WARNING: Position consejero de la Consejo Regional del Bío Bío (Q54846738) not in boundary associated_wikidata_positions
WARNING: the district Región del Biobío (Q2170) wasn't found in the boundary data for position consejero de la Consejo Regional del Bío Bío (Q54846738)
WARNING: Position consejero de la Consejo Regional de Coquimbo (Q54846740) not in boundary associated_wikidata_positions
WARNING: Position consejero de la Consejo Regional de Los Lagos (Q54846743) not in boundary associated_wikidata_positions
WARNING: Position consejero de la Consejo Regional de Los Ríos (Q54846745) not in boundary associated_wikidata_positions
WARNING: Position consejero de la Consejo Regional de Magallanes y de la Antártica Chilena (Q54846757) not in boundary associated_wikidata_positions
WARNING: Position consejero de la Consejo Regional del Maule (Q54846758) not in boundary associated_wikidata_positions
WARNING: the district Curicó (Q54832190) wasn't found in the boundary data for position consejero de la Consejo Regional del Maule (Q54846758)
WARNING: Position consejero de la Consejo Regional del Libertador General Bernardo O'Higgins (Q54846759) not in boundary associated_wikidata_positions
WARNING: Position consejero de la Consejo Regional Metropolitana de Santiago (Q54846760) not in boundary associated_wikidata_positions
WARNING: the district Santiago VI (Q54832146) wasn't found in the boundary data for position consejero de la Consejo Regional Metropolitana de Santiago (Q54846760)
WARNING: Position consejero de la Consejo Regional de Tarapacá (Q54846761) not in boundary associated_wikidata_positions
WARNING: Position consejero de la Consejo Regional de Valparaíso (Q54846762) not in boundary associated_wikidata_positions
WARNING: the district Valparaíso I (Q54832131) wasn't found in the boundary data for position consejero de la Consejo Regional de Valparaíso (Q54846762)
WARNING: Position Presidente de Chile (Q466956) not in boundary associated_wikidata_positions
WARNING: the district Chile (Q298) wasn't found in the boundary data for position Presidente de Chile (Q466956)
WARNING: the district Chile (Q298) wasn't found in the boundary data for position Presidente de Chile (Q466956)
WARNING: Position Intendente de Antofagasta (Q54830867) not in boundary associated_wikidata_positions
WARNING: the district Región de Antofagasta (Q2118) wasn't found in the boundary data for position Intendente de Antofagasta (Q54830867)
WARNING: Position Intendente de La Araucanía (Q54830870) not in boundary associated_wikidata_positions
WARNING: Position Intendente de Arica y Parinacota (Q54830873) not in boundary associated_wikidata_positions
WARNING: Position Intendente de Atacama (Q54830878) not in boundary associated_wikidata_positions
WARNING: Position Intendente de Aysén del General Carlos Ibáñez del Campo (Q54830881) not in boundary associated_wikidata_positions
WARNING: Position Intendente de la Región del Biobío (Q16579379) not in boundary associated_wikidata_positions
WARNING: the district Región del Biobío (Q2170) wasn't found in the boundary data for position Intendente de la Región del Biobío (Q16579379)
WARNING: Position Intendente de Coquimbo (Q54830887) not in boundary associated_wikidata_positions
WARNING: Position Intendente de Los Lagos (Q54830890) not in boundary associated_wikidata_positions
WARNING: Position Intendente de Los Ríos (Q54830893) not in boundary associated_wikidata_positions
WARNING: Position Intendente de Magallanes y de la Antártica Chilena (Q54830912) not in boundary associated_wikidata_positions
WARNING: Position Intendente del Maule (Q54830918) not in boundary associated_wikidata_positions
WARNING: the district Región del Maule (Q2166) wasn't found in the boundary data for position Intendente del Maule (Q54830918)
WARNING: Position Intendente de Libertador General Bernardo O'Higgins (Q54830925) not in boundary associated_wikidata_positions
WARNING: Position Intendente de la Región Metropolitana de Santiago (Q54830946) not in boundary associated_wikidata_positions
WARNING: the district Región Metropolitana de Santiago (Q2131) wasn't found in the boundary data for position Intendente de la Región Metropolitana de Santiago (Q54830946)
WARNING: Position Intendente de Tarapacá (Q54830949) not in boundary associated_wikidata_positions
WARNING: Position Intendente de Valparaíso (Q54830952) not in boundary associated_wikidata_positions
WARNING: the district Región de Valparaíso (Q219458) wasn't found in the boundary data for position Intendente de Valparaíso (Q54830952)
